[2025-12-29 04:27:33] local.ERROR: No application encryption key has been specified. {"exception":"[object] (Illuminate\\Encryption\\MissingAppKeyException(code: 0): No application encryption key has been specified. at D:\\2B_2025_2026\\Management\\Project\\UEF_QLDAPM_B03E_G03\\FinalprojectWeb\\vendor\\laravel\\framework\\src\\Illuminate\\Encryption\\EncryptionServiceProvider.php:79)
[stacktrace]
#0 D:\\2B_2025_2026\\Management\\Project\\UEF_QLDAPM_B03E_G03\\FinalprojectWeb\\vendor\\laravel\\framework\\src\\Illuminate\\Support\\helpers.php(320): Illuminate\\Encryption\\EncryptionServiceProvider->Illuminate\\Encryption\\{closure}('')
#1 D:\\2B_2025_2026\\Management\\Project\\UEF_QLDAPM_B03E_G03\\FinalprojectWeb\\vendor\\laravel\\framework\\src\\Illuminate\\Encryption\\EncryptionServiceProvider.php(81): tap('', Object(Closure))
#2 D:\\2B_2025_2026\\Management\\Project\\UEF_QLDAPM_B03E_G03\\FinalprojectWeb\\vendor\\laravel\\framework\\src\\Illuminate\\Encryption\\EncryptionServiceProvider.php(60): Illuminate\\Encryption\\EncryptionServiceProvider->key(Array)
#3 D:\\2B_2025_2026\\Management\\Project\\UEF_QLDAPM_B03E_G03\\FinalprojectWeb\\vendor\\laravel\\framework\\src\\Illuminate\\Encryption\\EncryptionServiceProvider.php(32): Illuminate\\Encryption\\EncryptionServiceProvider->parseKey(Array)
#4 D:\\2B_2025_2026\\Management\\Project\\UEF_QLDAPM_B03E_G03\\FinalprojectWeb\\vendor\\laravel\\framework\\src\\Illuminate\\Container\\Container.php(908): Illuminate\\Encryption\\EncryptionServiceProvider->Illuminate\\Encryption\\{closure}(Object(Illuminate\\Foundation\\Application), Array)
#5 D:\\2B_2025_2026\\Management\\Project\\UEF_QLDAPM_B03E_G03\\FinalprojectWeb\\vendor\\laravel\\framework\\src\\Illuminate\\Container\\Container.php(795): Illuminate\\Container\\Container->build(Object(Closure))
#6 D:\\2B_2025_2026\\Management\\Project\\UEF_QLDAPM_B03E_G03\\FinalprojectWeb\\vendor\\laravel\\framework\\src\\Illuminate\\Foundation\\Application.php(986): Illuminate\\Container\\Container->resolve('encrypter', Array, true)
#7 D:\\2B_2025_2026\\Management\\Project\\UEF_QLDAPM_B03E_G03\\FinalprojectWeb\\vendor\\laravel\\framework\\src\\Illuminate\\Container\\Container.php(731): Illuminate\\Foundation\\Application->resolve('encrypter', Array)
#8 D:\\2B_2025_2026\\Management\\Project\\UEF_QLDAPM_B03E_G03\\FinalprojectWeb\\vendor\\laravel\\framework\\src\\Illuminate\\Foundation\\Application.php(971): Illuminate\\Container\\Container->make('encrypter', Array)
#9 D:\\2B_2025_2026\\Management\\Project\\UEF_QLDAPM_B03E_G03\\FinalprojectWeb\\vendor\\laravel\\framework\\src\\Illuminate\\Container\\Container.php(1066): Illuminate\\Foundation\\Application->make('encrypter')
#10 D:\\2B_2025_2026\\Management\\Project\\UEF_QLDAPM_B03E_G03\\FinalprojectWeb\\vendor\\laravel\\framework\\src\\Illuminate\\Container\\Container.php(982): Illuminate\\Container\\Container->resolveClass(Object(ReflectionParameter))
#11 D:\\2B_2025_2026\\Management\\Project\\UEF_QLDAPM_B03E_G03\\FinalprojectWeb\\vendor\\laravel\\framework\\src\\Illuminate\\Container\\Container.php(943): Illuminate\\Container\\Container->resolveDependencies(Array)
#12 D:\\2B_2025_2026\\Management\\Project\\UEF_QLDAPM_B03E_G03\\FinalprojectWeb\\vendor\\laravel\\framework\\src\\Illuminate\\Container\\Container.php(795): Illuminate\\Container\\Container->build('App\\\\Http\\\\Middle...')
#13 D:\\2B_2025_2026\\Management\\Project\\UEF_QLDAPM_B03E_G03\\FinalprojectWeb\\vendor\\laravel\\framework\\src\\Illuminate\\Foundation\\Application.php(986): Illuminate\\Container\\Container->resolve('App\\\\Http\\\\Middle...', Array, true)
#14 D:\\2B_2025_2026\\Management\\Project\\UEF_QLDAPM_B03E_G03\\FinalprojectWeb\\vendor\\laravel\\framework\\src\\Illuminate\\Container\\Container.php(731): Illuminate\\Foundation\\Application->resolve('App\\\\Http\\\\Middle...', Array)
#15 D:\\2B_2025_2026\\Management\\Project\\UEF_QLDAPM_B03E_G03\\FinalprojectWeb\\vendor\\laravel\\framework\\src\\Illuminate\\Foundation\\Application.php(971): Illuminate\\Container\\Container->make('App\\\\Http\\\\Middle...', Array)
#16 D:\\2B_2025_2026\\Management\\Project\\UEF_QLDAPM_B03E_G03\\FinalprojectWeb\\vendor\\laravel\\framework\\src\\Illuminate\\Pipeline\\Pipeline.php(172): Illuminate\\Foundation\\Application->make('App\\\\Http\\\\Middle...')
#17 D:\\2B_2025_2026\\Management\\Project\\UEF_QLDAPM_B03E_G03\\FinalprojectWeb\\vendor\\laravel\\framework\\src\\Illuminate\\Pipeline\\Pipeline.php(119): Illuminate\\Pipeline\\Pipeline->Illuminate\\Pipeline\\{closure}(Object(Illuminate\\Http\\Request))
#18 D:\\2B_2025_2026\\Management\\Project\\UEF_QLDAPM_B03E_G03\\FinalprojectWeb\\vendor\\laravel\\framework\\src\\Illuminate\\Routing\\Router.php(807): Illuminate\\Pipeline\\Pipeline->then(Object(Closure))
#19 D:\\2B_2025_2026\\Management\\Project\\UEF_QLDAPM_B03E_G03\\FinalprojectWeb\\vendor\\laravel\\framework\\src\\Illuminate\\Routing\\Router.php(784): Illuminate\\Routing\\Router->runRouteWithinStack(Object(Illuminate\\Routing\\Route), Object(Illuminate\\Http\\Request))
#20 D:\\2B_2025_2026\\Management\\Project\\UEF_QLDAPM_B03E_G03\\FinalprojectWeb\\vendor\\laravel\\framework\\src\\Illuminate\\Routing\\Router.php(748): Illuminate\\Routing\\Router->runRoute(Object(Illuminate\\Http\\Request), Object(Illuminate\\Routing\\Route))
#21 D:\\2B_2025_2026\\Management\\Project\\UEF_QLDAPM_B03E_G03\\FinalprojectWeb\\vendor\\laravel\\framework\\src\\Illuminate\\Routing\\Router.php(737): Illuminate\\Routing\\Router->dispatchToRoute(Object(Illuminate\\Http\\Request))
#22 D:\\2B_2025_2026\\Management\\Project\\UEF_QLDAPM_B03E_G03\\FinalprojectWeb\\vendor\\laravel\\framework\\src\\Illuminate\\Foundation\\Http\\Kernel.php(200): Illuminate\\Routing\\Router->dispatch(Object(Illuminate\\Http\\Request))
#23 D:\\2B_2025_2026\\Management\\Project\\UEF_QLDAPM_B03E_G03\\FinalprojectWeb\\vendor\\laravel\\framework\\src\\Illuminate\\Pipeline\\Pipeline.php(144): Illuminate\\Foundation\\Http\\Kernel->Illuminate\\Foundation\\Http\\{closure}(Object(Illuminate\\Http\\Request))
#24 D:\\2B_2025_2026\\Management\\Project\\UEF_QLDAPM_B03E_G03\\FinalprojectWeb\\vendor\\laravel\\framework\\src\\Illuminate\\Foundation\\Http\\Middleware\\TransformsRequest.php(21): Illuminate\\Pipeline\\Pipeline->Illuminate\\Pipeline\\{closure}(Object(Illuminate\\Http\\Request))
#25 D:\\2B_2025_2026\\Management\\Project\\UEF_QLDAPM_B03E_G03\\FinalprojectWeb\\vendor\\laravel\\framework\\src\\Illuminate\\Foundation\\Http\\Middleware\\ConvertEmptyStringsToNull.php(31): Illuminate\\Foundation\\Http\\Middleware\\TransformsRequest->handle(Object(Illuminate\\Http\\Request), Object(Closure))
#26 D:\\2B_2025_2026\\Management\\Project\\UEF_QLDAPM_B03E_G03\\FinalprojectWeb\\vendor\\laravel\\framework\\src\\Illuminate\\Pipeline\\Pipeline.php(183): Illuminate\\Foundation\\Http\\Middleware\\ConvertEmptyStringsToNull->handle(Object(Illuminate\\Http\\Request), Object(Closure))
#27 D:\\2B_2025_2026\\Management\\Project\\UEF_QLDAPM_B03E_G03\\FinalprojectWeb\\vendor\\laravel\\framework\\src\\Illuminate\\Foundation\\Http\\Middleware\\TransformsRequest.php(21): Illuminate\\Pipeline\\Pipeline->Illuminate\\Pipeline\\{closure}(Object(Illuminate\\Http\\Request))
#28 D:\\2B_2025_2026\\Management\\Project\\UEF_QLDAPM_B03E_G03\\FinalprojectWeb\\vendor\\laravel\\framework\\src\\Illuminate\\Foundation\\Http\\Middleware\\TrimStrings.php(40): Illuminate\\Foundation\\Http\\Middleware\\TransformsRequest->handle(Object(Illuminate\\Http\\Request), Object(Closure))
#29 D:\\2B_2025_2026\\Management\\Project\\UEF_QLDAPM_B03E_G03\\FinalprojectWeb\\vendor\\laravel\\framework\\src\\Illuminate\\Pipeline\\Pipeline.php(183): Illuminate\\Foundation\\Http\\Middleware\\TrimStrings->handle(Object(Illuminate\\Http\\Request), Object(Closure))
#30 D:\\2B_2025_2026\\Management\\Project\\UEF_QLDAPM_B03E_G03\\FinalprojectWeb\\vendor\\laravel\\framework\\src\\Illuminate\\Foundation\\Http\\Middleware\\ValidatePostSize.php(27): Illuminate\\Pipeline\\Pipeline->Illuminate\\Pipeline\\{closure}(Object(Illuminate\\Http\\Request))
#31 D:\\2B_2025_2026\\Management\\Project\\UEF_QLDAPM_B03E_G03\\FinalprojectWeb\\vendor\\laravel\\framework\\src\\Illuminate\\Pipeline\\Pipeline.php(183): Illuminate\\Foundation\\Http\\Middleware\\ValidatePostSize->handle(Object(Illuminate\\Http\\Request), Object(Closure))
#32 D:\\2B_2025_2026\\Management\\Project\\UEF_QLDAPM_B03E_G03\\FinalprojectWeb\\vendor\\laravel\\framework\\src\\Illuminate\\Foundation\\Http\\Middleware\\PreventRequestsDuringMaintenance.php(99): Illuminate\\Pipeline\\Pipeline->Illuminate\\Pipeline\\{closure}(Object(Illuminate\\Http\\Request))
#33 D:\\2B_2025_2026\\Management\\Project\\UEF_QLDAPM_B03E_G03\\FinalprojectWeb\\vendor\\laravel\\framework\\src\\Illuminate\\Pipeline\\Pipeline.php(183): Illuminate\\Foundation\\Http\\Middleware\\PreventRequestsDuringMaintenance->handle(Object(Illuminate\\Http\\Request), Object(Closure))
#34 D:\\2B_2025_2026\\Management\\Project\\UEF_QLDAPM_B03E_G03\\FinalprojectWeb\\vendor\\laravel\\framework\\src\\Illuminate\\Http\\Middleware\\HandleCors.php(49): Illuminate\\Pipeline\\Pipeline->Illuminate\\Pipeline\\{closure}(Object(Illuminate\\Http\\Request))
#35 D:\\2B_2025_2026\\Management\\Project\\UEF_QLDAPM_B03E_G03\\FinalprojectWeb\\vendor\\laravel\\framework\\src\\Illuminate\\Pipeline\\Pipeline.php(183): Illuminate\\Http\\Middleware\\HandleCors->handle(Object(Illuminate\\Http\\Request), Object(Closure))
#36 D:\\2B_2025_2026\\Management\\Project\\UEF_QLDAPM_B03E_G03\\FinalprojectWeb\\vendor\\laravel\\framework\\src\\Illuminate\\Http\\Middleware\\TrustProxies.php(39): Illuminate\\Pipeline\\Pipeline->Illuminate\\Pipeline\\{closure}(Object(Illuminate\\Http\\Request))
#37 D:\\2B_2025_2026\\Management\\Project\\UEF_QLDAPM_B03E_G03\\FinalprojectWeb\\vendor\\laravel\\framework\\src\\Illuminate\\Pipeline\\Pipeline.php(183): Illuminate\\Http\\Middleware\\TrustProxies->handle(Object(Illuminate\\Http\\Request), Object(Closure))
#38 D:\\2B_2025_2026\\Management\\Project\\UEF_QLDAPM_B03E_G03\\FinalprojectWeb\\vendor\\laravel\\framework\\src\\Illuminate\\Pipeline\\Pipeline.php(119): Illuminate\\Pipeline\\Pipeline->Illuminate\\Pipeline\\{closure}(Object(Illuminate\\Http\\Request))
#39 D:\\2B_2025_2026\\Management\\Project\\UEF_QLDAPM_B03E_G03\\FinalprojectWeb\\vendor\\laravel\\framework\\src\\Illuminate\\Foundation\\Http\\Kernel.php(175): Illuminate\\Pipeline\\Pipeline->then(Object(Closure))
#40 D:\\2B_2025_2026\\Management\\Project\\UEF_QLDAPM_B03E_G03\\FinalprojectWeb\\vendor\\laravel\\framework\\src\\Illuminate\\Foundation\\Http\\Kernel.php(144): Illuminate\\Foundation\\Http\\Kernel->sendRequestThroughRouter(Object(Illuminate\\Http\\Request))
#41 D:\\2B_2025_2026\\Management\\Project\\UEF_QLDAPM_B03E_G03\\FinalprojectWeb\\public\\index.php(52): Illuminate\\Foundation\\Http\\Kernel->handle(Object(Illuminate\\Http\\Request))
#42 D:\\2B_2025_2026\\Management\\Project\\UEF_QLDAPM_B03E_G03\\FinalprojectWeb\\vendor\\laravel\\framework\\src\\Illuminate\\Foundation\\resources\\server.php(16): require_once('D:\\\\2B_2025_2026...')
#43 {main}
"} 
[2025-12-29 04:27:33] local.ERROR: No application encryption key has been specified. {"exception":"[object] (Illuminate\\Encryption\\MissingAppKeyException(code: 0): No application encryption key has been specified. at D:\\2B_2025_2026\\Management\\Project\\UEF_QLDAPM_B03E_G03\\FinalprojectWeb\\vendor\\laravel\\framework\\src\\Illuminate\\Encryption\\EncryptionServiceProvider.php:79)
[stacktrace]
#0 D:\\2B_2025_2026\\Management\\Project\\UEF_QLDAPM_B03E_G03\\FinalprojectWeb\\vendor\\laravel\\framework\\src\\Illuminate\\Support\\helpers.php(320): Illuminate\\Encryption\\EncryptionServiceProvider->Illuminate\\Encryption\\{closure}('')
#1 D:\\2B_2025_2026\\Management\\Project\\UEF_QLDAPM_B03E_G03\\FinalprojectWeb\\vendor\\laravel\\framework\\src\\Illuminate\\Encryption\\EncryptionServiceProvider.php(81): tap('', Object(Closure))
#2 D:\\2B_2025_2026\\Management\\Project\\UEF_QLDAPM_B03E_G03\\FinalprojectWeb\\vendor\\laravel\\framework\\src\\Illuminate\\Encryption\\EncryptionServiceProvider.php(60): Illuminate\\Encryption\\EncryptionServiceProvider->key(Array)
#3 D:\\2B_2025_2026\\Management\\Project\\UEF_QLDAPM_B03E_G03\\FinalprojectWeb\\vendor\\laravel\\framework\\src\\Illuminate\\Encryption\\EncryptionServiceProvider.php(32): Illuminate\\Encryption\\EncryptionServiceProvider->parseKey(Array)
#4 D:\\2B_2025_2026\\Management\\Project\\UEF_QLDAPM_B03E_G03\\FinalprojectWeb\\vendor\\laravel\\framework\\src\\Illuminate\\Container\\Container.php(908): Illuminate\\Encryption\\EncryptionServiceProvider->Illuminate\\Encryption\\{closure}(Object(Illuminate\\Foundation\\Application), Array)
#5 D:\\2B_2025_2026\\Management\\Project\\UEF_QLDAPM_B03E_G03\\FinalprojectWeb\\vendor\\laravel\\framework\\src\\Illuminate\\Container\\Container.php(795): Illuminate\\Container\\Container->build(Object(Closure))
#6 D:\\2B_2025_2026\\Management\\Project\\UEF_QLDAPM_B03E_G03\\FinalprojectWeb\\vendor\\laravel\\framework\\src\\Illuminate\\Foundation\\Application.php(986): Illuminate\\Container\\Container->resolve('encrypter', Array, true)
#7 D:\\2B_2025_2026\\Management\\Project\\UEF_QLDAPM_B03E_G03\\FinalprojectWeb\\vendor\\laravel\\framework\\src\\Illuminate\\Container\\Container.php(731): Illuminate\\Foundation\\Application->resolve('encrypter', Array)
#8 D:\\2B_2025_2026\\Management\\Project\\UEF_QLDAPM_B03E_G03\\FinalprojectWeb\\vendor\\laravel\\framework\\src\\Illuminate\\Foundation\\Application.php(971): Illuminate\\Container\\Container->make('encrypter', Array)
#9 D:\\2B_2025_2026\\Management\\Project\\UEF_QLDAPM_B03E_G03\\FinalprojectWeb\\vendor\\laravel\\framework\\src\\Illuminate\\Container\\Container.php(1066): Illuminate\\Foundation\\Application->make('encrypter')
#10 D:\\2B_2025_2026\\Management\\Project\\UEF_QLDAPM_B03E_G03\\FinalprojectWeb\\vendor\\laravel\\framework\\src\\Illuminate\\Container\\Container.php(982): Illuminate\\Container\\Container->resolveClass(Object(ReflectionParameter))
#11 D:\\2B_2025_2026\\Management\\Project\\UEF_QLDAPM_B03E_G03\\FinalprojectWeb\\vendor\\laravel\\framework\\src\\Illuminate\\Container\\Container.php(943): Illuminate\\Container\\Container->resolveDependencies(Array)
#12 D:\\2B_2025_2026\\Management\\Project\\UEF_QLDAPM_B03E_G03\\FinalprojectWeb\\vendor\\laravel\\framework\\src\\Illuminate\\Container\\Container.php(795): Illuminate\\Container\\Container->build('App\\\\Http\\\\Middle...')
#13 D:\\2B_2025_2026\\Management\\Project\\UEF_QLDAPM_B03E_G03\\FinalprojectWeb\\vendor\\laravel\\framework\\src\\Illuminate\\Foundation\\Application.php(986): Illuminate\\Container\\Container->resolve('App\\\\Http\\\\Middle...', Array, true)
#14 D:\\2B_2025_2026\\Management\\Project\\UEF_QLDAPM_B03E_G03\\FinalprojectWeb\\vendor\\laravel\\framework\\src\\Illuminate\\Container\\Container.php(731): Illuminate\\Foundation\\Application->resolve('App\\\\Http\\\\Middle...', Array)
#15 D:\\2B_2025_2026\\Management\\Project\\UEF_QLDAPM_B03E_G03\\FinalprojectWeb\\vendor\\laravel\\framework\\src\\Illuminate\\Foundation\\Application.php(971): Illuminate\\Container\\Container->make('App\\\\Http\\\\Middle...', Array)
#16 D:\\2B_2025_2026\\Management\\Project\\UEF_QLDAPM_B03E_G03\\FinalprojectWeb\\vendor\\laravel\\framework\\src\\Illuminate\\Foundation\\Http\\Kernel.php(255): Illuminate\\Foundation\\Application->make('App\\\\Http\\\\Middle...')
#17 D:\\2B_2025_2026\\Management\\Project\\UEF_QLDAPM_B03E_G03\\FinalprojectWeb\\vendor\\laravel\\framework\\src\\Illuminate\\Foundation\\Http\\Kernel.php(213): Illuminate\\Foundation\\Http\\Kernel->terminateMiddleware(Object(Illuminate\\Http\\Request), Object(Illuminate\\Http\\Response))
#18 D:\\2B_2025_2026\\Management\\Project\\UEF_QLDAPM_B03E_G03\\FinalprojectWeb\\public\\index.php(55): Illuminate\\Foundation\\Http\\Kernel->terminate(Object(Illuminate\\Http\\Request), Object(Illuminate\\Http\\Response))
#19 D:\\2B_2025_2026\\Management\\Project\\UEF_QLDAPM_B03E_G03\\FinalprojectWeb\\vendor\\laravel\\framework\\src\\Illuminate\\Foundation\\resources\\server.php(16): require_once('D:\\\\2B_2025_2026...')
#20 {main}
"} 
[2025-12-29 04:28:12] local.ERROR: Vite manifest not found at: D:\2B_2025_2026\Management\Project\UEF_QLDAPM_B03E_G03\FinalprojectWeb\public\build/manifest.json {"view":{"view":"D:\\2B_2025_2026\\Management\\Project\\UEF_QLDAPM_B03E_G03\\FinalprojectWeb\\resources\\views\\layouts\\app.blade.php","data":{"errors":"<pre class=sf-dump id=sf-dump-831083254 data-indent-pad=\"  \"><span class=sf-dump-note>Illuminate\\Support\\ViewErrorBag</span> {<a class=sf-dump-ref>#280</a><samp data-depth=1 class=sf-dump-expanded>
  #<span class=sf-dump-protected title=\"Protected property\">bags</span>: []
</samp>}
</pre><script>Sfdump(\"sf-dump-831083254\", {\"maxDepth\":3,\"maxStringLength\":160})</script>
"}},"exception":"[object] (Spatie\\LaravelIgnition\\Exceptions\\ViewException(code: 0): Vite manifest not found at: D:\\2B_2025_2026\\Management\\Project\\UEF_QLDAPM_B03E_G03\\FinalprojectWeb\\public\\build/manifest.json at D:\\2B_2025_2026\\Management\\Project\\UEF_QLDAPM_B03E_G03\\FinalprojectWeb\\vendor\\laravel\\framework\\src\\Illuminate\\Foundation\\Vite.php:728)
[stacktrace]
#0 D:\\2B_2025_2026\\Management\\Project\\UEF_QLDAPM_B03E_G03\\FinalprojectWeb\\vendor\\laravel\\framework\\src\\Illuminate\\Foundation\\Vite.php(293): Illuminate\\Foundation\\Vite->manifest('build')
#1 D:\\2B_2025_2026\\Management\\Project\\UEF_QLDAPM_B03E_G03\\FinalprojectWeb\\resources\\views\\layouts\\app.blade.php(15): Illuminate\\Foundation\\Vite->__invoke(Object(Illuminate\\Support\\Collection))
#2 D:\\2B_2025_2026\\Management\\Project\\UEF_QLDAPM_B03E_G03\\FinalprojectWeb\\vendor\\laravel\\framework\\src\\Illuminate\\Filesystem\\Filesystem.php(123): require('D:\\\\2B_2025_2026...')
#3 D:\\2B_2025_2026\\Management\\Project\\UEF_QLDAPM_B03E_G03\\FinalprojectWeb\\vendor\\laravel\\framework\\src\\Illuminate\\Filesystem\\Filesystem.php(124): Illuminate\\Filesystem\\Filesystem::Illuminate\\Filesystem\\{closure}()
#4 D:\\2B_2025_2026\\Management\\Project\\UEF_QLDAPM_B03E_G03\\FinalprojectWeb\\vendor\\laravel\\framework\\src\\Illuminate\\View\\Engines\\PhpEngine.php(58): Illuminate\\Filesystem\\Filesystem->getRequire('D:\\\\2B_2025_2026...', Array)
#5 D:\\2B_2025_2026\\Management\\Project\\UEF_QLDAPM_B03E_G03\\FinalprojectWeb\\vendor\\laravel\\framework\\src\\Illuminate\\View\\Engines\\CompilerEngine.php(72): Illuminate\\View\\Engines\\PhpEngine->evaluatePath('D:\\\\2B_2025_2026...', Array)
#6 D:\\2B_2025_2026\\Management\\Project\\UEF_QLDAPM_B03E_G03\\FinalprojectWeb\\vendor\\laravel\\framework\\src\\Illuminate\\View\\View.php(207): Illuminate\\View\\Engines\\CompilerEngine->get('D:\\\\2B_2025_2026...', Array)
#7 D:\\2B_2025_2026\\Management\\Project\\UEF_QLDAPM_B03E_G03\\FinalprojectWeb\\vendor\\laravel\\framework\\src\\Illuminate\\View\\View.php(190): Illuminate\\View\\View->getContents()
#8 D:\\2B_2025_2026\\Management\\Project\\UEF_QLDAPM_B03E_G03\\FinalprojectWeb\\vendor\\laravel\\framework\\src\\Illuminate\\View\\View.php(159): Illuminate\\View\\View->renderContents()
#9 D:\\2B_2025_2026\\Management\\Project\\UEF_QLDAPM_B03E_G03\\FinalprojectWeb\\resources\\views\\home.blade.php(641): Illuminate\\View\\View->render()
#10 D:\\2B_2025_2026\\Management\\Project\\UEF_QLDAPM_B03E_G03\\FinalprojectWeb\\vendor\\laravel\\framework\\src\\Illuminate\\Filesystem\\Filesystem.php(123): require('D:\\\\2B_2025_2026...')
#11 D:\\2B_2025_2026\\Management\\Project\\UEF_QLDAPM_B03E_G03\\FinalprojectWeb\\vendor\\laravel\\framework\\src\\Illuminate\\Filesystem\\Filesystem.php(124): Illuminate\\Filesystem\\Filesystem::Illuminate\\Filesystem\\{closure}()
#12 D:\\2B_2025_2026\\Management\\Project\\UEF_QLDAPM_B03E_G03\\FinalprojectWeb\\vendor\\laravel\\framework\\src\\Illuminate\\View\\Engines\\PhpEngine.php(58): Illuminate\\Filesystem\\Filesystem->getRequire('D:\\\\2B_2025_2026...', Array)
#13 D:\\2B_2025_2026\\Management\\Project\\UEF_QLDAPM_B03E_G03\\FinalprojectWeb\\vendor\\laravel\\framework\\src\\Illuminate\\View\\Engines\\CompilerEngine.php(72): Illuminate\\View\\Engines\\PhpEngine->evaluatePath('D:\\\\2B_2025_2026...', Array)
#14 D:\\2B_2025_2026\\Management\\Project\\UEF_QLDAPM_B03E_G03\\FinalprojectWeb\\vendor\\laravel\\framework\\src\\Illuminate\\View\\View.php(207): Illuminate\\View\\Engines\\CompilerEngine->get('D:\\\\2B_2025_2026...', Array)
#15 D:\\2B_2025_2026\\Management\\Project\\UEF_QLDAPM_B03E_G03\\FinalprojectWeb\\vendor\\laravel\\framework\\src\\Illuminate\\View\\View.php(190): Illuminate\\View\\View->getContents()
#16 D:\\2B_2025_2026\\Management\\Project\\UEF_QLDAPM_B03E_G03\\FinalprojectWeb\\vendor\\laravel\\framework\\src\\Illuminate\\View\\View.php(159): Illuminate\\View\\View->renderContents()
#17 D:\\2B_2025_2026\\Management\\Project\\UEF_QLDAPM_B03E_G03\\FinalprojectWeb\\vendor\\laravel\\framework\\src\\Illuminate\\Http\\Response.php(69): Illuminate\\View\\View->render()
#18 D:\\2B_2025_2026\\Management\\Project\\UEF_QLDAPM_B03E_G03\\FinalprojectWeb\\vendor\\laravel\\framework\\src\\Illuminate\\Http\\Response.php(35): Illuminate\\Http\\Response->setContent(Object(Illuminate\\View\\View))
#19 D:\\2B_2025_2026\\Management\\Project\\UEF_QLDAPM_B03E_G03\\FinalprojectWeb\\vendor\\laravel\\framework\\src\\Illuminate\\Routing\\Router.php(918): Illuminate\\Http\\Response->__construct(Object(Illuminate\\View\\View), 200, Array)
#20 D:\\2B_2025_2026\\Management\\Project\\UEF_QLDAPM_B03E_G03\\FinalprojectWeb\\vendor\\laravel\\framework\\src\\Illuminate\\Routing\\Router.php(885): Illuminate\\Routing\\Router::toResponse(Object(Illuminate\\Http\\Request), Object(Illuminate\\View\\View))
#21 D:\\2B_2025_2026\\Management\\Project\\UEF_QLDAPM_B03E_G03\\FinalprojectWeb\\vendor\\laravel\\framework\\src\\Illuminate\\Routing\\Router.php(806): Illuminate\\Routing\\Router->prepareResponse(Object(Illuminate\\Http\\Request), Object(Illuminate\\View\\View))
#22 D:\\2B_2025_2026\\Management\\Project\\UEF_QLDAPM_B03E_G03\\FinalprojectWeb\\vendor\\laravel\\framework\\src\\Illuminate\\Pipeline\\Pipeline.php(144): Illuminate\\Routing\\Router->Illuminate\\Routing\\{closure}(Object(Illuminate\\Http\\Request))
#23 D:\\2B_2025_2026\\Management\\Project\\UEF_QLDAPM_B03E_G03\\FinalprojectWeb\\vendor\\laravel\\framework\\src\\Illuminate\\Routing\\Middleware\\SubstituteBindings.php(50): Illuminate\\Pipeline\\Pipeline->Illuminate\\Pipeline\\{closure}(Object(Illuminate\\Http\\Request))
#24 D:\\2B_2025_2026\\Management\\Project\\UEF_QLDAPM_B03E_G03\\FinalprojectWeb\\vendor\\laravel\\framework\\src\\Illuminate\\Pipeline\\Pipeline.php(183): Illuminate\\Routing\\Middleware\\SubstituteBindings->handle(Object(Illuminate\\Http\\Request), Object(Closure))
#25 D:\\2B_2025_2026\\Management\\Project\\UEF_QLDAPM_B03E_G03\\FinalprojectWeb\\vendor\\laravel\\framework\\src\\Illuminate\\Foundation\\Http\\Middleware\\VerifyCsrfToken.php(78): Illuminate\\Pipeline\\Pipeline->Illuminate\\Pipeline\\{closure}(Object(Illuminate\\Http\\Request))
#26 D:\\2B_2025_2026\\Management\\Project\\UEF_QLDAPM_B03E_G03\\FinalprojectWeb\\vendor\\laravel\\framework\\src\\Illuminate\\Pipeline\\Pipeline.php(183): Illuminate\\Foundation\\Http\\Middleware\\VerifyCsrfToken->handle(Object(Illuminate\\Http\\Request), Object(Closure))
#27 D:\\2B_2025_2026\\Management\\Project\\UEF_QLDAPM_B03E_G03\\FinalprojectWeb\\vendor\\laravel\\framework\\src\\Illuminate\\View\\Middleware\\ShareErrorsFromSession.php(49): Illuminate\\Pipeline\\Pipeline->Illuminate\\Pipeline\\{closure}(Object(Illuminate\\Http\\Request))
#28 D:\\2B_2025_2026\\Management\\Project\\UEF_QLDAPM_B03E_G03\\FinalprojectWeb\\vendor\\laravel\\framework\\src\\Illuminate\\Pipeline\\Pipeline.php(183): Illuminate\\View\\Middleware\\ShareErrorsFromSession->handle(Object(Illuminate\\Http\\Request), Object(Closure))
#29 D:\\2B_2025_2026\\Management\\Project\\UEF_QLDAPM_B03E_G03\\FinalprojectWeb\\vendor\\laravel\\framework\\src\\Illuminate\\Session\\Middleware\\StartSession.php(121): Illuminate\\Pipeline\\Pipeline->Illuminate\\Pipeline\\{closure}(Object(Illuminate\\Http\\Request))
#30 D:\\2B_2025_2026\\Management\\Project\\UEF_QLDAPM_B03E_G03\\FinalprojectWeb\\vendor\\laravel\\framework\\src\\Illuminate\\Session\\Middleware\\StartSession.php(64): Illuminate\\Session\\Middleware\\StartSession->handleStatefulRequest(Object(Illuminate\\Http\\Request), Object(Illuminate\\Session\\Store), Object(Closure))
#31 D:\\2B_2025_2026\\Management\\Project\\UEF_QLDAPM_B03E_G03\\FinalprojectWeb\\vendor\\laravel\\framework\\src\\Illuminate\\Pipeline\\Pipeline.php(183): Illuminate\\Session\\Middleware\\StartSession->handle(Object(Illuminate\\Http\\Request), Object(Closure))
#32 D:\\2B_2025_2026\\Management\\Project\\UEF_QLDAPM_B03E_G03\\FinalprojectWeb\\vendor\\laravel\\framework\\src\\Illuminate\\Cookie\\Middleware\\AddQueuedCookiesToResponse.php(37): Illuminate\\Pipeline\\Pipeline->Illuminate\\Pipeline\\{closure}(Object(Illuminate\\Http\\Request))
#33 D:\\2B_2025_2026\\Management\\Project\\UEF_QLDAPM_B03E_G03\\FinalprojectWeb\\vendor\\laravel\\framework\\src\\Illuminate\\Pipeline\\Pipeline.php(183): Illuminate\\Cookie\\Middleware\\AddQueuedCookiesToResponse->handle(Object(Illuminate\\Http\\Request), Object(Closure))
#34 D:\\2B_2025_2026\\Management\\Project\\UEF_QLDAPM_B03E_G03\\FinalprojectWeb\\vendor\\laravel\\framework\\src\\Illuminate\\Cookie\\Middleware\\EncryptCookies.php(67): Illuminate\\Pipeline\\Pipeline->Illuminate\\Pipeline\\{closure}(Object(Illuminate\\Http\\Request))
#35 D:\\2B_2025_2026\\Management\\Project\\UEF_QLDAPM_B03E_G03\\FinalprojectWeb\\vendor\\laravel\\framework\\src\\Illuminate\\Pipeline\\Pipeline.php(183): Illuminate\\Cookie\\Middleware\\EncryptCookies->handle(Object(Illuminate\\Http\\Request), Object(Closure))
#36 D:\\2B_2025_2026\\Management\\Project\\UEF_QLDAPM_B03E_G03\\FinalprojectWeb\\vendor\\laravel\\framework\\src\\Illuminate\\Pipeline\\Pipeline.php(119): Illuminate\\Pipeline\\Pipeline->Illuminate\\Pipeline\\{closure}(Object(Illuminate\\Http\\Request))
#37 D:\\2B_2025_2026\\Management\\Project\\UEF_QLDAPM_B03E_G03\\FinalprojectWeb\\vendor\\laravel\\framework\\src\\Illuminate\\Routing\\Router.php(807): Illuminate\\Pipeline\\Pipeline->then(Object(Closure))
#38 D:\\2B_2025_2026\\Management\\Project\\UEF_QLDAPM_B03E_G03\\FinalprojectWeb\\vendor\\laravel\\framework\\src\\Illuminate\\Routing\\Router.php(784): Illuminate\\Routing\\Router->runRouteWithinStack(Object(Illuminate\\Routing\\Route), Object(Illuminate\\Http\\Request))
#39 D:\\2B_2025_2026\\Management\\Project\\UEF_QLDAPM_B03E_G03\\FinalprojectWeb\\vendor\\laravel\\framework\\src\\Illuminate\\Routing\\Router.php(748): Illuminate\\Routing\\Router->runRoute(Object(Illuminate\\Http\\Request), Object(Illuminate\\Routing\\Route))
#40 D:\\2B_2025_2026\\Management\\Project\\UEF_QLDAPM_B03E_G03\\FinalprojectWeb\\vendor\\laravel\\framework\\src\\Illuminate\\Routing\\Router.php(737): Illuminate\\Routing\\Router->dispatchToRoute(Object(Illuminate\\Http\\Request))
#41 D:\\2B_2025_2026\\Management\\Project\\UEF_QLDAPM_B03E_G03\\FinalprojectWeb\\vendor\\laravel\\framework\\src\\Illuminate\\Foundation\\Http\\Kernel.php(200): Illuminate\\Routing\\Router->dispatch(Object(Illuminate\\Http\\Request))
#42 D:\\2B_2025_2026\\Management\\Project\\UEF_QLDAPM_B03E_G03\\FinalprojectWeb\\vendor\\laravel\\framework\\src\\Illuminate\\Pipeline\\Pipeline.php(144): Illuminate\\Foundation\\Http\\Kernel->Illuminate\\Foundation\\Http\\{closure}(Object(Illuminate\\Http\\Request))
#43 D:\\2B_2025_2026\\Management\\Project\\UEF_QLDAPM_B03E_G03\\FinalprojectWeb\\vendor\\laravel\\framework\\src\\Illuminate\\Foundation\\Http\\Middleware\\TransformsRequest.php(21): Illuminate\\Pipeline\\Pipeline->Illuminate\\Pipeline\\{closure}(Object(Illuminate\\Http\\Request))
#44 D:\\2B_2025_2026\\Management\\Project\\UEF_QLDAPM_B03E_G03\\FinalprojectWeb\\vendor\\laravel\\framework\\src\\Illuminate\\Foundation\\Http\\Middleware\\ConvertEmptyStringsToNull.php(31): Illuminate\\Foundation\\Http\\Middleware\\TransformsRequest->handle(Object(Illuminate\\Http\\Request), Object(Closure))
#45 D:\\2B_2025_2026\\Management\\Project\\UEF_QLDAPM_B03E_G03\\FinalprojectWeb\\vendor\\laravel\\framework\\src\\Illuminate\\Pipeline\\Pipeline.php(183): Illuminate\\Foundation\\Http\\Middleware\\ConvertEmptyStringsToNull->handle(Object(Illuminate\\Http\\Request), Object(Closure))
#46 D:\\2B_2025_2026\\Management\\Project\\UEF_QLDAPM_B03E_G03\\FinalprojectWeb\\vendor\\laravel\\framework\\src\\Illuminate\\Foundation\\Http\\Middleware\\TransformsRequest.php(21): Illuminate\\Pipeline\\Pipeline->Illuminate\\Pipeline\\{closure}(Object(Illuminate\\Http\\Request))
#47 D:\\2B_2025_2026\\Management\\Project\\UEF_QLDAPM_B03E_G03\\FinalprojectWeb\\vendor\\laravel\\framework\\src\\Illuminate\\Foundation\\Http\\Middleware\\TrimStrings.php(40): Illuminate\\Foundation\\Http\\Middleware\\TransformsRequest->handle(Object(Illuminate\\Http\\Request), Object(Closure))
#48 D:\\2B_2025_2026\\Management\\Project\\UEF_QLDAPM_B03E_G03\\FinalprojectWeb\\vendor\\laravel\\framework\\src\\Illuminate\\Pipeline\\Pipeline.php(183): Illuminate\\Foundation\\Http\\Middleware\\TrimStrings->handle(Object(Illuminate\\Http\\Request), Object(Closure))
#49 D:\\2B_2025_2026\\Management\\Project\\UEF_QLDAPM_B03E_G03\\FinalprojectWeb\\vendor\\laravel\\framework\\src\\Illuminate\\Foundation\\Http\\Middleware\\ValidatePostSize.php(27): Illuminate\\Pipeline\\Pipeline->Illuminate\\Pipeline\\{closure}(Object(Illuminate\\Http\\Request))
#50 D:\\2B_2025_2026\\Management\\Project\\UEF_QLDAPM_B03E_G03\\FinalprojectWeb\\vendor\\laravel\\framework\\src\\Illuminate\\Pipeline\\Pipeline.php(183): Illuminate\\Foundation\\Http\\Middleware\\ValidatePostSize->handle(Object(Illuminate\\Http\\Request), Object(Closure))
#51 D:\\2B_2025_2026\\Management\\Project\\UEF_QLDAPM_B03E_G03\\FinalprojectWeb\\vendor\\laravel\\framework\\src\\Illuminate\\Foundation\\Http\\Middleware\\PreventRequestsDuringMaintenance.php(99): Illuminate\\Pipeline\\Pipeline->Illuminate\\Pipeline\\{closure}(Object(Illuminate\\Http\\Request))
#52 D:\\2B_2025_2026\\Management\\Project\\UEF_QLDAPM_B03E_G03\\FinalprojectWeb\\vendor\\laravel\\framework\\src\\Illuminate\\Pipeline\\Pipeline.php(183): Illuminate\\Foundation\\Http\\Middleware\\PreventRequestsDuringMaintenance->handle(Object(Illuminate\\Http\\Request), Object(Closure))
#53 D:\\2B_2025_2026\\Management\\Project\\UEF_QLDAPM_B03E_G03\\FinalprojectWeb\\vendor\\laravel\\framework\\src\\Illuminate\\Http\\Middleware\\HandleCors.php(49): Illuminate\\Pipeline\\Pipeline->Illuminate\\Pipeline\\{closure}(Object(Illuminate\\Http\\Request))
#54 D:\\2B_2025_2026\\Management\\Project\\UEF_QLDAPM_B03E_G03\\FinalprojectWeb\\vendor\\laravel\\framework\\src\\Illuminate\\Pipeline\\Pipeline.php(183): Illuminate\\Http\\Middleware\\HandleCors->handle(Object(Illuminate\\Http\\Request), Object(Closure))
#55 D:\\2B_2025_2026\\Management\\Project\\UEF_QLDAPM_B03E_G03\\FinalprojectWeb\\vendor\\laravel\\framework\\src\\Illuminate\\Http\\Middleware\\TrustProxies.php(39): Illuminate\\Pipeline\\Pipeline->Illuminate\\Pipeline\\{closure}(Object(Illuminate\\Http\\Request))
#56 D:\\2B_2025_2026\\Management\\Project\\UEF_QLDAPM_B03E_G03\\FinalprojectWeb\\vendor\\laravel\\framework\\src\\Illuminate\\Pipeline\\Pipeline.php(183): Illuminate\\Http\\Middleware\\TrustProxies->handle(Object(Illuminate\\Http\\Request), Object(Closure))
#57 D:\\2B_2025_2026\\Management\\Project\\UEF_QLDAPM_B03E_G03\\FinalprojectWeb\\vendor\\laravel\\framework\\src\\Illuminate\\Pipeline\\Pipeline.php(119): Illuminate\\Pipeline\\Pipeline->Illuminate\\Pipeline\\{closure}(Object(Illuminate\\Http\\Request))
#58 D:\\2B_2025_2026\\Management\\Project\\UEF_QLDAPM_B03E_G03\\FinalprojectWeb\\vendor\\laravel\\framework\\src\\Illuminate\\Foundation\\Http\\Kernel.php(175): Illuminate\\Pipeline\\Pipeline->then(Object(Closure))
#59 D:\\2B_2025_2026\\Management\\Project\\UEF_QLDAPM_B03E_G03\\FinalprojectWeb\\vendor\\laravel\\framework\\src\\Illuminate\\Foundation\\Http\\Kernel.php(144): Illuminate\\Foundation\\Http\\Kernel->sendRequestThroughRouter(Object(Illuminate\\Http\\Request))
#60 D:\\2B_2025_2026\\Management\\Project\\UEF_QLDAPM_B03E_G03\\FinalprojectWeb\\public\\index.php(52): Illuminate\\Foundation\\Http\\Kernel->handle(Object(Illuminate\\Http\\Request))
#61 D:\\2B_2025_2026\\Management\\Project\\UEF_QLDAPM_B03E_G03\\FinalprojectWeb\\vendor\\laravel\\framework\\src\\Illuminate\\Foundation\\resources\\server.php(16): require_once('D:\\\\2B_2025_2026...')
#62 {main}

[previous exception] [object] (Illuminate\\Foundation\\ViteManifestNotFoundException(code: 0): Vite manifest not found at: D:\\2B_2025_2026\\Management\\Project\\UEF_QLDAPM_B03E_G03\\FinalprojectWeb\\public\\build/manifest.json at D:\\2B_2025_2026\\Management\\Project\\UEF_QLDAPM_B03E_G03\\FinalprojectWeb\\vendor\\laravel\\framework\\src\\Illuminate\\Foundation\\Vite.php:728)
[stacktrace]
#0 D:\\2B_2025_2026\\Management\\Project\\UEF_QLDAPM_B03E_G03\\FinalprojectWeb\\vendor\\laravel\\framework\\src\\Illuminate\\Foundation\\Vite.php(293): Illuminate\\Foundation\\Vite->manifest('build')
#1 D:\\2B_2025_2026\\Management\\Project\\UEF_QLDAPM_B03E_G03\\FinalprojectWeb\\storage\\framework\\views\\b1408d5b47eb9a4ba82a352583acf307.php(15): Illuminate\\Foundation\\Vite->__invoke(Object(Illuminate\\Support\\Collection))
#2 D:\\2B_2025_2026\\Management\\Project\\UEF_QLDAPM_B03E_G03\\FinalprojectWeb\\vendor\\laravel\\framework\\src\\Illuminate\\Filesystem\\Filesystem.php(123): require('D:\\\\2B_2025_2026...')
#3 D:\\2B_2025_2026\\Management\\Project\\UEF_QLDAPM_B03E_G03\\FinalprojectWeb\\vendor\\laravel\\framework\\src\\Illuminate\\Filesystem\\Filesystem.php(124): Illuminate\\Filesystem\\Filesystem::Illuminate\\Filesystem\\{closure}()
#4 D:\\2B_2025_2026\\Management\\Project\\UEF_QLDAPM_B03E_G03\\FinalprojectWeb\\vendor\\laravel\\framework\\src\\Illuminate\\View\\Engines\\PhpEngine.php(58): Illuminate\\Filesystem\\Filesystem->getRequire('D:\\\\2B_2025_2026...', Array)
#5 D:\\2B_2025_2026\\Management\\Project\\UEF_QLDAPM_B03E_G03\\FinalprojectWeb\\vendor\\laravel\\framework\\src\\Illuminate\\View\\Engines\\CompilerEngine.php(72): Illuminate\\View\\Engines\\PhpEngine->evaluatePath('D:\\\\2B_2025_2026...', Array)
#6 D:\\2B_2025_2026\\Management\\Project\\UEF_QLDAPM_B03E_G03\\FinalprojectWeb\\vendor\\laravel\\framework\\src\\Illuminate\\View\\View.php(207): Illuminate\\View\\Engines\\CompilerEngine->get('D:\\\\2B_2025_2026...', Array)
#7 D:\\2B_2025_2026\\Management\\Project\\UEF_QLDAPM_B03E_G03\\FinalprojectWeb\\vendor\\laravel\\framework\\src\\Illuminate\\View\\View.php(190): Illuminate\\View\\View->getContents()
#8 D:\\2B_2025_2026\\Management\\Project\\UEF_QLDAPM_B03E_G03\\FinalprojectWeb\\vendor\\laravel\\framework\\src\\Illuminate\\View\\View.php(159): Illuminate\\View\\View->renderContents()
#9 D:\\2B_2025_2026\\Management\\Project\\UEF_QLDAPM_B03E_G03\\FinalprojectWeb\\storage\\framework\\views\\5a02f4c78130a0e0256d941c142d87a9.php(646): Illuminate\\View\\View->render()
#10 D:\\2B_2025_2026\\Management\\Project\\UEF_QLDAPM_B03E_G03\\FinalprojectWeb\\vendor\\laravel\\framework\\src\\Illuminate\\Filesystem\\Filesystem.php(123): require('D:\\\\2B_2025_2026...')
#11 D:\\2B_2025_2026\\Management\\Project\\UEF_QLDAPM_B03E_G03\\FinalprojectWeb\\vendor\\laravel\\framework\\src\\Illuminate\\Filesystem\\Filesystem.php(124): Illuminate\\Filesystem\\Filesystem::Illuminate\\Filesystem\\{closure}()
#12 D:\\2B_2025_2026\\Management\\Project\\UEF_QLDAPM_B03E_G03\\FinalprojectWeb\\vendor\\laravel\\framework\\src\\Illuminate\\View\\Engines\\PhpEngine.php(58): Illuminate\\Filesystem\\Filesystem->getRequire('D:\\\\2B_2025_2026...', Array)
#13 D:\\2B_2025_2026\\Management\\Project\\UEF_QLDAPM_B03E_G03\\FinalprojectWeb\\vendor\\laravel\\framework\\src\\Illuminate\\View\\Engines\\CompilerEngine.php(72): Illuminate\\View\\Engines\\PhpEngine->evaluatePath('D:\\\\2B_2025_2026...', Array)
#14 D:\\2B_2025_2026\\Management\\Project\\UEF_QLDAPM_B03E_G03\\FinalprojectWeb\\vendor\\laravel\\framework\\src\\Illuminate\\View\\View.php(207): Illuminate\\View\\Engines\\CompilerEngine->get('D:\\\\2B_2025_2026...', Array)
#15 D:\\2B_2025_2026\\Management\\Project\\UEF_QLDAPM_B03E_G03\\FinalprojectWeb\\vendor\\laravel\\framework\\src\\Illuminate\\View\\View.php(190): Illuminate\\View\\View->getContents()
#16 D:\\2B_2025_2026\\Management\\Project\\UEF_QLDAPM_B03E_G03\\FinalprojectWeb\\vendor\\laravel\\framework\\src\\Illuminate\\View\\View.php(159): Illuminate\\View\\View->renderContents()
#17 D:\\2B_2025_2026\\Management\\Project\\UEF_QLDAPM_B03E_G03\\FinalprojectWeb\\vendor\\laravel\\framework\\src\\Illuminate\\Http\\Response.php(69): Illuminate\\View\\View->render()
#18 D:\\2B_2025_2026\\Management\\Project\\UEF_QLDAPM_B03E_G03\\FinalprojectWeb\\vendor\\laravel\\framework\\src\\Illuminate\\Http\\Response.php(35): Illuminate\\Http\\Response->setContent(Object(Illuminate\\View\\View))
#19 D:\\2B_2025_2026\\Management\\Project\\UEF_QLDAPM_B03E_G03\\FinalprojectWeb\\vendor\\laravel\\framework\\src\\Illuminate\\Routing\\Router.php(918): Illuminate\\Http\\Response->__construct(Object(Illuminate\\View\\View), 200, Array)
#20 D:\\2B_2025_2026\\Management\\Project\\UEF_QLDAPM_B03E_G03\\FinalprojectWeb\\vendor\\laravel\\framework\\src\\Illuminate\\Routing\\Router.php(885): Illuminate\\Routing\\Router::toResponse(Object(Illuminate\\Http\\Request), Object(Illuminate\\View\\View))
#21 D:\\2B_2025_2026\\Management\\Project\\UEF_QLDAPM_B03E_G03\\FinalprojectWeb\\vendor\\laravel\\framework\\src\\Illuminate\\Routing\\Router.php(806): Illuminate\\Routing\\Router->prepareResponse(Object(Illuminate\\Http\\Request), Object(Illuminate\\View\\View))
#22 D:\\2B_2025_2026\\Management\\Project\\UEF_QLDAPM_B03E_G03\\FinalprojectWeb\\vendor\\laravel\\framework\\src\\Illuminate\\Pipeline\\Pipeline.php(144): Illuminate\\Routing\\Router->Illuminate\\Routing\\{closure}(Object(Illuminate\\Http\\Request))
#23 D:\\2B_2025_2026\\Management\\Project\\UEF_QLDAPM_B03E_G03\\FinalprojectWeb\\vendor\\laravel\\framework\\src\\Illuminate\\Routing\\Middleware\\SubstituteBindings.php(50): Illuminate\\Pipeline\\Pipeline->Illuminate\\Pipeline\\{closure}(Object(Illuminate\\Http\\Request))
#24 D:\\2B_2025_2026\\Management\\Project\\UEF_QLDAPM_B03E_G03\\FinalprojectWeb\\vendor\\laravel\\framework\\src\\Illuminate\\Pipeline\\Pipeline.php(183): Illuminate\\Routing\\Middleware\\SubstituteBindings->handle(Object(Illuminate\\Http\\Request), Object(Closure))
#25 D:\\2B_2025_2026\\Management\\Project\\UEF_QLDAPM_B03E_G03\\FinalprojectWeb\\vendor\\laravel\\framework\\src\\Illuminate\\Foundation\\Http\\Middleware\\VerifyCsrfToken.php(78): Illuminate\\Pipeline\\Pipeline->Illuminate\\Pipeline\\{closure}(Object(Illuminate\\Http\\Request))
#26 D:\\2B_2025_2026\\Management\\Project\\UEF_QLDAPM_B03E_G03\\FinalprojectWeb\\vendor\\laravel\\framework\\src\\Illuminate\\Pipeline\\Pipeline.php(183): Illuminate\\Foundation\\Http\\Middleware\\VerifyCsrfToken->handle(Object(Illuminate\\Http\\Request), Object(Closure))
#27 D:\\2B_2025_2026\\Management\\Project\\UEF_QLDAPM_B03E_G03\\FinalprojectWeb\\vendor\\laravel\\framework\\src\\Illuminate\\View\\Middleware\\ShareErrorsFromSession.php(49): Illuminate\\Pipeline\\Pipeline->Illuminate\\Pipeline\\{closure}(Object(Illuminate\\Http\\Request))
#28 D:\\2B_2025_2026\\Management\\Project\\UEF_QLDAPM_B03E_G03\\FinalprojectWeb\\vendor\\laravel\\framework\\src\\Illuminate\\Pipeline\\Pipeline.php(183): Illuminate\\View\\Middleware\\ShareErrorsFromSession->handle(Object(Illuminate\\Http\\Request), Object(Closure))
#29 D:\\2B_2025_2026\\Management\\Project\\UEF_QLDAPM_B03E_G03\\FinalprojectWeb\\vendor\\laravel\\framework\\src\\Illuminate\\Session\\Middleware\\StartSession.php(121): Illuminate\\Pipeline\\Pipeline->Illuminate\\Pipeline\\{closure}(Object(Illuminate\\Http\\Request))
#30 D:\\2B_2025_2026\\Management\\Project\\UEF_QLDAPM_B03E_G03\\FinalprojectWeb\\vendor\\laravel\\framework\\src\\Illuminate\\Session\\Middleware\\StartSession.php(64): Illuminate\\Session\\Middleware\\StartSession->handleStatefulRequest(Object(Illuminate\\Http\\Request), Object(Illuminate\\Session\\Store), Object(Closure))
#31 D:\\2B_2025_2026\\Management\\Project\\UEF_QLDAPM_B03E_G03\\FinalprojectWeb\\vendor\\laravel\\framework\\src\\Illuminate\\Pipeline\\Pipeline.php(183): Illuminate\\Session\\Middleware\\StartSession->handle(Object(Illuminate\\Http\\Request), Object(Closure))
#32 D:\\2B_2025_2026\\Management\\Project\\UEF_QLDAPM_B03E_G03\\FinalprojectWeb\\vendor\\laravel\\framework\\src\\Illuminate\\Cookie\\Middleware\\AddQueuedCookiesToResponse.php(37): Illuminate\\Pipeline\\Pipeline->Illuminate\\Pipeline\\{closure}(Object(Illuminate\\Http\\Request))
#33 D:\\2B_2025_2026\\Management\\Project\\UEF_QLDAPM_B03E_G03\\FinalprojectWeb\\vendor\\laravel\\framework\\src\\Illuminate\\Pipeline\\Pipeline.php(183): Illuminate\\Cookie\\Middleware\\AddQueuedCookiesToResponse->handle(Object(Illuminate\\Http\\Request), Object(Closure))
#34 D:\\2B_2025_2026\\Management\\Project\\UEF_QLDAPM_B03E_G03\\FinalprojectWeb\\vendor\\laravel\\framework\\src\\Illuminate\\Cookie\\Middleware\\EncryptCookies.php(67): Illuminate\\Pipeline\\Pipeline->Illuminate\\Pipeline\\{closure}(Object(Illuminate\\Http\\Request))
#35 D:\\2B_2025_2026\\Management\\Project\\UEF_QLDAPM_B03E_G03\\FinalprojectWeb\\vendor\\laravel\\framework\\src\\Illuminate\\Pipeline\\Pipeline.php(183): Illuminate\\Cookie\\Middleware\\EncryptCookies->handle(Object(Illuminate\\Http\\Request), Object(Closure))
#36 D:\\2B_2025_2026\\Management\\Project\\UEF_QLDAPM_B03E_G03\\FinalprojectWeb\\vendor\\laravel\\framework\\src\\Illuminate\\Pipeline\\Pipeline.php(119): Illuminate\\Pipeline\\Pipeline->Illuminate\\Pipeline\\{closure}(Object(Illuminate\\Http\\Request))
#37 D:\\2B_2025_2026\\Management\\Project\\UEF_QLDAPM_B03E_G03\\FinalprojectWeb\\vendor\\laravel\\framework\\src\\Illuminate\\Routing\\Router.php(807): Illuminate\\Pipeline\\Pipeline->then(Object(Closure))
#38 D:\\2B_2025_2026\\Management\\Project\\UEF_QLDAPM_B03E_G03\\FinalprojectWeb\\vendor\\laravel\\framework\\src\\Illuminate\\Routing\\Router.php(784): Illuminate\\Routing\\Router->runRouteWithinStack(Object(Illuminate\\Routing\\Route), Object(Illuminate\\Http\\Request))
#39 D:\\2B_2025_2026\\Management\\Project\\UEF_QLDAPM_B03E_G03\\FinalprojectWeb\\vendor\\laravel\\framework\\src\\Illuminate\\Routing\\Router.php(748): Illuminate\\Routing\\Router->runRoute(Object(Illuminate\\Http\\Request), Object(Illuminate\\Routing\\Route))
#40 D:\\2B_2025_2026\\Management\\Project\\UEF_QLDAPM_B03E_G03\\FinalprojectWeb\\vendor\\laravel\\framework\\src\\Illuminate\\Routing\\Router.php(737): Illuminate\\Routing\\Router->dispatchToRoute(Object(Illuminate\\Http\\Request))
#41 D:\\2B_2025_2026\\Management\\Project\\UEF_QLDAPM_B03E_G03\\FinalprojectWeb\\vendor\\laravel\\framework\\src\\Illuminate\\Foundation\\Http\\Kernel.php(200): Illuminate\\Routing\\Router->dispatch(Object(Illuminate\\Http\\Request))
#42 D:\\2B_2025_2026\\Management\\Project\\UEF_QLDAPM_B03E_G03\\FinalprojectWeb\\vendor\\laravel\\framework\\src\\Illuminate\\Pipeline\\Pipeline.php(144): Illuminate\\Foundation\\Http\\Kernel->Illuminate\\Foundation\\Http\\{closure}(Object(Illuminate\\Http\\Request))
#43 D:\\2B_2025_2026\\Management\\Project\\UEF_QLDAPM_B03E_G03\\FinalprojectWeb\\vendor\\laravel\\framework\\src\\Illuminate\\Foundation\\Http\\Middleware\\TransformsRequest.php(21): Illuminate\\Pipeline\\Pipeline->Illuminate\\Pipeline\\{closure}(Object(Illuminate\\Http\\Request))
#44 D:\\2B_2025_2026\\Management\\Project\\UEF_QLDAPM_B03E_G03\\FinalprojectWeb\\vendor\\laravel\\framework\\src\\Illuminate\\Foundation\\Http\\Middleware\\ConvertEmptyStringsToNull.php(31): Illuminate\\Foundation\\Http\\Middleware\\TransformsRequest->handle(Object(Illuminate\\Http\\Request), Object(Closure))
#45 D:\\2B_2025_2026\\Management\\Project\\UEF_QLDAPM_B03E_G03\\FinalprojectWeb\\vendor\\laravel\\framework\\src\\Illuminate\\Pipeline\\Pipeline.php(183): Illuminate\\Foundation\\Http\\Middleware\\ConvertEmptyStringsToNull->handle(Object(Illuminate\\Http\\Request), Object(Closure))
#46 D:\\2B_2025_2026\\Management\\Project\\UEF_QLDAPM_B03E_G03\\FinalprojectWeb\\vendor\\laravel\\framework\\src\\Illuminate\\Foundation\\Http\\Middleware\\TransformsRequest.php(21): Illuminate\\Pipeline\\Pipeline->Illuminate\\Pipeline\\{closure}(Object(Illuminate\\Http\\Request))
#47 D:\\2B_2025_2026\\Management\\Project\\UEF_QLDAPM_B03E_G03\\FinalprojectWeb\\vendor\\laravel\\framework\\src\\Illuminate\\Foundation\\Http\\Middleware\\TrimStrings.php(40): Illuminate\\Foundation\\Http\\Middleware\\TransformsRequest->handle(Object(Illuminate\\Http\\Request), Object(Closure))
#48 D:\\2B_2025_2026\\Management\\Project\\UEF_QLDAPM_B03E_G03\\FinalprojectWeb\\vendor\\laravel\\framework\\src\\Illuminate\\Pipeline\\Pipeline.php(183): Illuminate\\Foundation\\Http\\Middleware\\TrimStrings->handle(Object(Illuminate\\Http\\Request), Object(Closure))
#49 D:\\2B_2025_2026\\Management\\Project\\UEF_QLDAPM_B03E_G03\\FinalprojectWeb\\vendor\\laravel\\framework\\src\\Illuminate\\Foundation\\Http\\Middleware\\ValidatePostSize.php(27): Illuminate\\Pipeline\\Pipeline->Illuminate\\Pipeline\\{closure}(Object(Illuminate\\Http\\Request))
#50 D:\\2B_2025_2026\\Management\\Project\\UEF_QLDAPM_B03E_G03\\FinalprojectWeb\\vendor\\laravel\\framework\\src\\Illuminate\\Pipeline\\Pipeline.php(183): Illuminate\\Foundation\\Http\\Middleware\\ValidatePostSize->handle(Object(Illuminate\\Http\\Request), Object(Closure))
#51 D:\\2B_2025_2026\\Management\\Project\\UEF_QLDAPM_B03E_G03\\FinalprojectWeb\\vendor\\laravel\\framework\\src\\Illuminate\\Foundation\\Http\\Middleware\\PreventRequestsDuringMaintenance.php(99): Illuminate\\Pipeline\\Pipeline->Illuminate\\Pipeline\\{closure}(Object(Illuminate\\Http\\Request))
#52 D:\\2B_2025_2026\\Management\\Project\\UEF_QLDAPM_B03E_G03\\FinalprojectWeb\\vendor\\laravel\\framework\\src\\Illuminate\\Pipeline\\Pipeline.php(183): Illuminate\\Foundation\\Http\\Middleware\\PreventRequestsDuringMaintenance->handle(Object(Illuminate\\Http\\Request), Object(Closure))
#53 D:\\2B_2025_2026\\Management\\Project\\UEF_QLDAPM_B03E_G03\\FinalprojectWeb\\vendor\\laravel\\framework\\src\\Illuminate\\Http\\Middleware\\HandleCors.php(49): Illuminate\\Pipeline\\Pipeline->Illuminate\\Pipeline\\{closure}(Object(Illuminate\\Http\\Request))
#54 D:\\2B_2025_2026\\Management\\Project\\UEF_QLDAPM_B03E_G03\\FinalprojectWeb\\vendor\\laravel\\framework\\src\\Illuminate\\Pipeline\\Pipeline.php(183): Illuminate\\Http\\Middleware\\HandleCors->handle(Object(Illuminate\\Http\\Request), Object(Closure))
#55 D:\\2B_2025_2026\\Management\\Project\\UEF_QLDAPM_B03E_G03\\FinalprojectWeb\\vendor\\laravel\\framework\\src\\Illuminate\\Http\\Middleware\\TrustProxies.php(39): Illuminate\\Pipeline\\Pipeline->Illuminate\\Pipeline\\{closure}(Object(Illuminate\\Http\\Request))
#56 D:\\2B_2025_2026\\Management\\Project\\UEF_QLDAPM_B03E_G03\\FinalprojectWeb\\vendor\\laravel\\framework\\src\\Illuminate\\Pipeline\\Pipeline.php(183): Illuminate\\Http\\Middleware\\TrustProxies->handle(Object(Illuminate\\Http\\Request), Object(Closure))
#57 D:\\2B_2025_2026\\Management\\Project\\UEF_QLDAPM_B03E_G03\\FinalprojectWeb\\vendor\\laravel\\framework\\src\\Illuminate\\Pipeline\\Pipeline.php(119): Illuminate\\Pipeline\\Pipeline->Illuminate\\Pipeline\\{closure}(Object(Illuminate\\Http\\Request))
#58 D:\\2B_2025_2026\\Management\\Project\\UEF_QLDAPM_B03E_G03\\FinalprojectWeb\\vendor\\laravel\\framework\\src\\Illuminate\\Foundation\\Http\\Kernel.php(175): Illuminate\\Pipeline\\Pipeline->then(Object(Closure))
#59 D:\\2B_2025_2026\\Management\\Project\\UEF_QLDAPM_B03E_G03\\FinalprojectWeb\\vendor\\laravel\\framework\\src\\Illuminate\\Foundation\\Http\\Kernel.php(144): Illuminate\\Foundation\\Http\\Kernel->sendRequestThroughRouter(Object(Illuminate\\Http\\Request))
#60 D:\\2B_2025_2026\\Management\\Project\\UEF_QLDAPM_B03E_G03\\FinalprojectWeb\\public\\index.php(52): Illuminate\\Foundation\\Http\\Kernel->handle(Object(Illuminate\\Http\\Request))
#61 D:\\2B_2025_2026\\Management\\Project\\UEF_QLDAPM_B03E_G03\\FinalprojectWeb\\vendor\\laravel\\framework\\src\\Illuminate\\Foundation\\resources\\server.php(16): require_once('D:\\\\2B_2025_2026...')
#62 {main}
"} 
